Microsoft Windows [Version 10.0.22621.2428]
(c) Microsoft Corporation. All rights reserved.

C:\Users\Admin>ip config
'ip' is not recognized as an internal or external command,
operable program or batch file.

C:\Users\Admin>ipconfig

Windows IP Configuration


Ethernet adapter Ethernet:

   Connection-specific DNS Suffix  . :
   Link-local IPv6 Address . . . . . : fe80::28c4:6d9e:c5b3:3e3a%14
   IPv4 Address. . . . . . . . . . . : 172.16.19.6
   Subnet Mask . . . . . . . . . . . : 255.255.0.0
   Default Gateway . . . . . . . . . : 172.16.0.1

C:\Users\Admin>ipconfig/a

Error: unrecognized or incomplete command line.

USAGE:
    ipconfig [/allcompartments] [/? | /all |
                                 /renew [adapter] | /release [adapter] |
                                 /renew6 [adapter] | /release6 [adapter] |
                                 /flushdns | /displaydns | /registerdns |
                                 /showclassid adapter |
                                 /setclassid adapter [classid] |
                                 /showclassid6 adapter |
                                 /setclassid6 adapter [classid] ]

where
    adapter             Connection name
                       (wildcard characters * and ? allowed, see examples)

    Options:
       /?               Display this help message
       /all             Display full configuration information.
       /release         Release the IPv4 address for the specified adapter.
       /release6        Release the IPv6 address for the specified adapter.
       /renew           Renew the IPv4 address for the specified adapter.
       /renew6          Renew the IPv6 address for the specified adapter.
       /flushdns        Purges the DNS Resolver cache.
       /registerdns     Refreshes all DHCP leases and re-registers DNS names
       /displaydns      Display the contents of the DNS Resolver Cache.
       /showclassid     Displays all the dhcp class IDs allowed for adapter.
       /setclassid      Modifies the dhcp class id.
       /showclassid6    Displays all the IPv6 DHCP class IDs allowed for adapter.
       /setclassid6     Modifies the IPv6 DHCP class id.


The default is to display only the IP address, subnet mask and
default gateway for each adapter bound to TCP/IP.

For Release and Renew, if no adapter name is specified, then the IP address
leases for all adapters bound to TCP/IP will be released or renewed.

For Setclassid and Setclassid6, if no ClassId is specified, then the ClassId is removed.

Examples:
    > ipconfig                       ... Show information
    > ipconfig /all                  ... Show detailed information
    > ipconfig /renew                ... renew all adapters
    > ipconfig /renew EL*            ... renew any connection that has its
                                         name starting with EL
    > ipconfig /release *Con*        ... release all matching connections,
                                         eg. "Wired Ethernet Connection 1" or
                                             "Wired Ethernet Connection 2"
    > ipconfig /allcompartments      ... Show information about all
                                         compartments
    > ipconfig /allcompartments /all ... Show detailed information about all
                                         compartments

C:\Users\Admin>ipconfig-a
'ipconfig-a' is not recognized as an internal or external command,
operable program or batch file.

C:\Users\Admin>ipconfig -a

Error: unrecognized or incomplete command line.

USAGE:
    ipconfig [/allcompartments] [/? | /all |
                                 /renew [adapter] | /release [adapter] |
                                 /renew6 [adapter] | /release6 [adapter] |
                                 /flushdns | /displaydns | /registerdns |
                                 /showclassid adapter |
                                 /setclassid adapter [classid] |
                                 /showclassid6 adapter |
                                 /setclassid6 adapter [classid] ]

where
    adapter             Connection name
                       (wildcard characters * and ? allowed, see examples)

    Options:
       /?               Display this help message
       /all             Display full configuration information.
       /release         Release the IPv4 address for the specified adapter.
       /release6        Release the IPv6 address for the specified adapter.
       /renew           Renew the IPv4 address for the specified adapter.
       /renew6          Renew the IPv6 address for the specified adapter.
       /flushdns        Purges the DNS Resolver cache.
       /registerdns     Refreshes all DHCP leases and re-registers DNS names
       /displaydns      Display the contents of the DNS Resolver Cache.
       /showclassid     Displays all the dhcp class IDs allowed for adapter.
       /setclassid      Modifies the dhcp class id.
       /showclassid6    Displays all the IPv6 DHCP class IDs allowed for adapter.
       /setclassid6     Modifies the IPv6 DHCP class id.


The default is to display only the IP address, subnet mask and
default gateway for each adapter bound to TCP/IP.

For Release and Renew, if no adapter name is specified, then the IP address
leases for all adapters bound to TCP/IP will be released or renewed.

For Setclassid and Setclassid6, if no ClassId is specified, then the ClassId is removed.

Examples:
    > ipconfig                       ... Show information
    > ipconfig /all                  ... Show detailed information
    > ipconfig /renew                ... renew all adapters
    > ipconfig /renew EL*            ... renew any connection that has its
                                         name starting with EL
    > ipconfig /release *Con*        ... release all matching connections,
                                         eg. "Wired Ethernet Connection 1" or
                                             "Wired Ethernet Connection 2"
    > ipconfig /allcompartments      ... Show information about all
                                         compartments
    > ipconfig /allcompartments /all ... Show detailed information about all
                                         compartments

C:\Users\Admin>ipconfig /all

Windows IP Configuration

   Host Name . . . . . . . . . . . . : DESKTOP-C0VBH1V
   Primary Dns Suffix  . . . . . . . :
   Node Type . . . . . . . . . . . . : Hybrid
   IP Routing Enabled. . . . . . . . : No
   WINS Proxy Enabled. . . . . . . . : No

Ethernet adapter Ethernet:

   Connection-specific DNS Suffix  . :
   Description . . . . . . . . . . . : Realtek PCIe GbE Family Controller
   Physical Address. . . . . . . . . : CC-96-E5-17-74-AF
   DHCP Enabled. . . . . . . . . . . : No
   Autoconfiguration Enabled . . . . : Yes
   Link-local IPv6 Address . . . . . : fe80::28c4:6d9e:c5b3:3e3a%14(Preferred)
   IPv4 Address. . . . . . . . . . . : 172.16.19.6(Preferred)
   Subnet Mask . . . . . . . . . . . : 255.255.0.0
   Default Gateway . . . . . . . . . : 172.16.0.1
   DHCPv6 IAID . . . . . . . . . . . : 114071269
   DHCPv6 Client DUID. . . . . . . . : 00-01-00-01-2C-0D-9F-D8-CC-96-E5-17-74-AF
   DNS Servers . . . . . . . . . . . : 8.8.8.8
                                       202.56.230.7
   NetBIOS over Tcpip. . . . . . . . : Enabled

C:\Users\Admin>ipconfig \all

Error: unrecognized or incomplete command line.

USAGE:
    ipconfig [/allcompartments] [/? | /all |
                                 /renew [adapter] | /release [adapter] |
                                 /renew6 [adapter] | /release6 [adapter] |
                                 /flushdns | /displaydns | /registerdns |
                                 /showclassid adapter |
                                 /setclassid adapter [classid] |
                                 /showclassid6 adapter |
                                 /setclassid6 adapter [classid] ]

where
    adapter             Connection name
                       (wildcard characters * and ? allowed, see examples)

    Options:
       /?               Display this help message
       /all             Display full configuration information.
       /release         Release the IPv4 address for the specified adapter.
       /release6        Release the IPv6 address for the specified adapter.
       /renew           Renew the IPv4 address for the specified adapter.
       /renew6          Renew the IPv6 address for the specified adapter.
       /flushdns        Purges the DNS Resolver cache.
       /registerdns     Refreshes all DHCP leases and re-registers DNS names
       /displaydns      Display the contents of the DNS Resolver Cache.
       /showclassid     Displays all the dhcp class IDs allowed for adapter.
       /setclassid      Modifies the dhcp class id.
       /showclassid6    Displays all the IPv6 DHCP class IDs allowed for adapter.
       /setclassid6     Modifies the IPv6 DHCP class id.


The default is to display only the IP address, subnet mask and
default gateway for each adapter bound to TCP/IP.

For Release and Renew, if no adapter name is specified, then the IP address
leases for all adapters bound to TCP/IP will be released or renewed.

For Setclassid and Setclassid6, if no ClassId is specified, then the ClassId is removed.

Examples:
    > ipconfig                       ... Show information
    > ipconfig /all                  ... Show detailed information
    > ipconfig /renew                ... renew all adapters
    > ipconfig /renew EL*            ... renew any connection that has its
                                         name starting with EL
    > ipconfig /release *Con*        ... release all matching connections,
                                         eg. "Wired Ethernet Connection 1" or
                                             "Wired Ethernet Connection 2"
    > ipconfig /allcompartments      ... Show information about all
                                         compartments
    > ipconfig /allcompartments /all ... Show detailed information about all
                                         compartments

C:\Users\Admin>ipconfig /all

Windows IP Configuration

   Host Name . . . . . . . . . . . . : DESKTOP-C0VBH1V
   Primary Dns Suffix  . . . . . . . :
   Node Type . . . . . . . . . . . . : Hybrid
   IP Routing Enabled. . . . . . . . : No
   WINS Proxy Enabled. . . . . . . . : No

Ethernet adapter Ethernet:

   Connection-specific DNS Suffix  . :
   Description . . . . . . . . . . . : Realtek PCIe GbE Family Controller
   Physical Address. . . . . . . . . : CC-96-E5-17-74-AF
   DHCP Enabled. . . . . . . . . . . : No
   Autoconfiguration Enabled . . . . : Yes
   Link-local IPv6 Address . . . . . : fe80::28c4:6d9e:c5b3:3e3a%14(Preferred)
   IPv4 Address. . . . . . . . . . . : 172.16.19.6(Preferred)
   Subnet Mask . . . . . . . . . . . : 255.255.0.0
   Default Gateway . . . . . . . . . : 172.16.0.1
   DHCPv6 IAID . . . . . . . . . . . : 114071269
   DHCPv6 Client DUID. . . . . . . . : 00-01-00-01-2C-0D-9F-D8-CC-96-E5-17-74-AF
   DNS Servers . . . . . . . . . . . : 8.8.8.8
                                       202.56.230.7
   NetBIOS over Tcpip. . . . . . . . : Enabled

C:\Users\Admin>getmac

Physical Address    Transport Name
=================== ==========================================================
CC-96-E5-17-74-AF   \Device\Tcpip_{D97F63C7-61B8-4044-BCC9-13E859CE27C1}

C:\Users\Admin>ping 172.16.19.5

Pinging 172.16.19.5 with 32 bytes of data:
Request timed out.
Request timed out.
Request timed out.
Request timed out.

Ping statistics for 172.16.19.5:
    Packets: Sent = 4, Received = 0, Lost = 4 (100% loss),

C:\Users\Admin>ping 172.16.19.5

Pinging 172.16.19.5 with 32 bytes of data:
Request timed out.
Request timed out.
Request timed out.

Ping statistics for 172.16.19.5:
    Packets: Sent = 3, Received = 0, Lost = 3 (100% loss),
Control-C
^C
C:\Users\Admin>ping 172.16.19.3

Pinging 172.16.19.3 with 32 bytes of data:
Reply from 172.16.19.3: bytes=32 time<1ms TTL=128
Reply from 172.16.19.3: bytes=32 time<1ms TTL=128
Reply from 172.16.19.3: bytes=32 time=1ms TTL=128
Reply from 172.16.19.3: bytes=32 time<1ms TTL=128

Ping statistics for 172.16.19.3:
    Packets: Sent = 4, Received = 4, Lost = 0 (0% loss),
Approximate round trip times in milli-seconds:
    Minimum = 0ms, Maximum = 1ms, Average = 0ms

C:\Users\Admin>ping 172.16.19.3 -t

Pinging 172.16.19.3 with 32 bytes of data:
Reply from 172.16.19.3: bytes=32 time<1ms TTL=128
Reply from 172.16.19.3: bytes=32 time=1ms TTL=128
Reply from 172.16.19.3: bytes=32 time<1ms TTL=128
Reply from 172.16.19.3: bytes=32 time<1ms TTL=128
Reply from 172.16.19.3: bytes=32 time<1ms TTL=128
Reply from 172.16.19.3: bytes=32 time<1ms TTL=128
Reply from 172.16.19.3: bytes=32 time<1ms TTL=128
Reply from 172.16.19.3: bytes=32 time<1ms TTL=128
Reply from 172.16.19.3: bytes=32 time<1ms TTL=128
Reply from 172.16.19.3: bytes=32 time<1ms TTL=128
Reply from 172.16.19.3: bytes=32 time<1ms TTL=128
Reply from 172.16.19.3: bytes=32 time<1ms TTL=128
Reply from 172.16.19.3: bytes=32 time<1ms TTL=128
Reply from 172.16.19.3: bytes=32 time=1ms TTL=128
Reply from 172.16.19.3: bytes=32 time=1ms TTL=128
Reply from 172.16.19.3: bytes=32 time=1ms TTL=128
Reply from 172.16.19.3: bytes=32 time<1ms TTL=128
Reply from 172.16.19.3: bytes=32 time<1ms TTL=128
Reply from 172.16.19.3: bytes=32 time<1ms TTL=128
Reply from 172.16.19.3: bytes=32 time<1ms TTL=128
Reply from 172.16.19.3: bytes=32 time<1ms TTL=128
Reply from 172.16.19.3: bytes=32 time=1ms TTL=128
Reply from 172.16.19.3: bytes=32 time<1ms TTL=128
Reply from 172.16.19.3: bytes=32 time<1ms TTL=128
Reply from 172.16.19.3: bytes=32 time=1ms TTL=128
Reply from 172.16.19.3: bytes=32 time=1ms TTL=128
Reply from 172.16.19.3: bytes=32 time=1ms TTL=128
Reply from 172.16.19.3: bytes=32 time=1ms TTL=128
Reply from 172.16.19.3: bytes=32 time<1ms TTL=128
Reply from 172.16.19.3: bytes=32 time=1ms TTL=128
Reply from 172.16.19.3: bytes=32 time<1ms TTL=128
Reply from 172.16.19.3: bytes=32 time<1ms TTL=128
Reply from 172.16.19.3: bytes=32 time=1ms TTL=128
Reply from 172.16.19.3: bytes=32 time<1ms TTL=128
Reply from 172.16.19.3: bytes=32 time=1ms TTL=128
Reply from 172.16.19.3: bytes=32 time<1ms TTL=128
Reply from 172.16.19.3: bytes=32 time=1ms TTL=128
Reply from 172.16.19.3: bytes=32 time=1ms TTL=128
Reply from 172.16.19.3: bytes=32 time<1ms TTL=128
Reply from 172.16.19.3: bytes=32 time=1ms TTL=128
Reply from 172.16.19.3: bytes=32 time=1ms TTL=128
Reply from 172.16.19.3: bytes=32 time<1ms TTL=128
Reply from 172.16.19.3: bytes=32 time<1ms TTL=128
Reply from 172.16.19.3: bytes=32 time=1ms TTL=128
Reply from 172.16.19.3: bytes=32 time=1ms TTL=128
Reply from 172.16.19.3: bytes=32 time=1ms TTL=128
Reply from 172.16.19.3: bytes=32 time=1ms TTL=128
Reply from 172.16.19.3: bytes=32 time=1ms TTL=128
Reply from 172.16.19.3: bytes=32 time=1ms TTL=128
Reply from 172.16.19.3: bytes=32 time=1ms TTL=128
Reply from 172.16.19.3: bytes=32 time=1ms TTL=128
Reply from 172.16.19.3: bytes=32 time<1ms TTL=128
Reply from 172.16.19.3: bytes=32 time=1ms TTL=128
Reply from 172.16.19.3: bytes=32 time<1ms TTL=128
Reply from 172.16.19.3: bytes=32 time=1ms TTL=128
Reply from 172.16.19.3: bytes=32 time=1ms TTL=128
Reply from 172.16.19.3: bytes=32 time<1ms TTL=128
Reply from 172.16.19.3: bytes=32 time=1ms TTL=128
Reply from 172.16.19.3: bytes=32 time<1ms TTL=128
Reply from 172.16.19.3: bytes=32 time=1ms TTL=128
Reply from 172.16.19.3: bytes=32 time=1ms TTL=128
Reply from 172.16.19.3: bytes=32 time<1ms TTL=128
Reply from 172.16.19.3: bytes=32 time=1ms TTL=128
Reply from 172.16.19.3: bytes=32 time=1ms TTL=128
Reply from 172.16.19.3: bytes=32 time=1ms TTL=128
Reply from 172.16.19.3: bytes=32 time<1ms TTL=128
Reply from 172.16.19.3: bytes=32 time=1ms TTL=128
Reply from 172.16.19.3: bytes=32 time<1ms TTL=128
Reply from 172.16.19.3: bytes=32 time=1ms TTL=128
Reply from 172.16.19.3: bytes=32 time<1ms TTL=128
Reply from 172.16.19.3: bytes=32 time=1ms TTL=128
Reply from 172.16.19.3: bytes=32 time=1ms TTL=128
Reply from 172.16.19.3: bytes=32 time=3ms TTL=128
Reply from 172.16.19.3: bytes=32 time=1ms TTL=128
Reply from 172.16.19.3: bytes=32 time<1ms TTL=128
Reply from 172.16.19.3: bytes=32 time<1ms TTL=128
Reply from 172.16.19.3: bytes=32 time<1ms TTL=128
Reply from 172.16.19.3: bytes=32 time=1ms TTL=128
Reply from 172.16.19.3: bytes=32 time=1ms TTL=128
Reply from 172.16.19.3: bytes=32 time<1ms TTL=128
Reply from 172.16.19.3: bytes=32 time=1ms TTL=128
Reply from 172.16.19.3: bytes=32 time<1ms TTL=128
Reply from 172.16.19.3: bytes=32 time<1ms TTL=128
Reply from 172.16.19.3: bytes=32 time=1ms TTL=128
Reply from 172.16.19.3: bytes=32 time=1ms TTL=128
Reply from 172.16.19.3: bytes=32 time=1ms TTL=128
Reply from 172.16.19.3: bytes=32 time=1ms TTL=128
Reply from 172.16.19.3: bytes=32 time=1ms TTL=128
Reply from 172.16.19.3: bytes=32 time=1ms TTL=128
Reply from 172.16.19.3: bytes=32 time=1ms TTL=128
Reply from 172.16.19.3: bytes=32 time=1ms TTL=128
Reply from 172.16.19.3: bytes=32 time<1ms TTL=128
Reply from 172.16.19.3: bytes=32 time<1ms TTL=128
Reply from 172.16.19.3: bytes=32 time=1ms TTL=128
Reply from 172.16.19.3: bytes=32 time=1ms TTL=128
Reply from 172.16.19.3: bytes=32 time=1ms TTL=128
Reply from 172.16.19.3: bytes=32 time=1ms TTL=128
Reply from 172.16.19.3: bytes=32 time=1ms TTL=128
Reply from 172.16.19.3: bytes=32 time=1ms TTL=128
Reply from 172.16.19.3: bytes=32 time=1ms TTL=128
Reply from 172.16.19.3: bytes=32 time=1ms TTL=128
Reply from 172.16.19.3: bytes=32 time=1ms TTL=128
Reply from 172.16.19.3: bytes=32 time<1ms TTL=128

Ping statistics for 172.16.19.3:
    Packets: Sent = 103, Received = 103, Lost = 0 (0% loss),
Approximate round trip times in milli-seconds:
    Minimum = 0ms, Maximum = 3ms, Average = 0ms
Control-C
^C
C:\Users\Admin>ping www.google.com

Pinging www.google.com [142.250.182.228] with 32 bytes of data:
Reply from 142.250.182.228: bytes=32 time=27ms TTL=60
Reply from 142.250.182.228: bytes=32 time=28ms TTL=60
Reply from 142.250.182.228: bytes=32 time=28ms TTL=60
Reply from 142.250.182.228: bytes=32 time=28ms TTL=60

Ping statistics for 142.250.182.228:
    Packets: Sent = 4, Received = 4, Lost = 0 (0% loss),
Approximate round trip times in milli-seconds:
    Minimum = 27ms, Maximum = 28ms, Average = 27ms

C:\Users\Admin>ping bit.ly/tanay12
Ping request could not find host bit.ly/tanay12. Please check the name and try again.

C:\Users\Admin>ping www.bit.ly/tanay12
Ping request could not find host www.bit.ly/tanay12. Please check the name and try again.

C:\Users\Admin>ping www.google.com

Pinging www.google.com [142.250.182.228] with 32 bytes of data:
Reply from 142.250.182.228: bytes=32 time=27ms TTL=60
Reply from 142.250.182.228: bytes=32 time=28ms TTL=60
Reply from 142.250.182.228: bytes=32 time=28ms TTL=60
Reply from 142.250.182.228: bytes=32 time=28ms TTL=60

Ping statistics for 142.250.182.228:
    Packets: Sent = 4, Received = 4, Lost = 0 (0% loss),
Approximate round trip times in milli-seconds:
    Minimum = 27ms, Maximum = 28ms, Average = 27ms

C:\Users\Admin>ipconfig /all

Windows IP Configuration

   Host Name . . . . . . . . . . . . : DESKTOP-C0VBH1V
   Primary Dns Suffix  . . . . . . . :
   Node Type . . . . . . . . . . . . : Hybrid
   IP Routing Enabled. . . . . . . . : No
   WINS Proxy Enabled. . . . . . . . : No

Ethernet adapter Ethernet:

   Connection-specific DNS Suffix  . :
   Description . . . . . . . . . . . : Realtek PCIe GbE Family Controller
   Physical Address. . . . . . . . . : CC-96-E5-17-74-AF
   DHCP Enabled. . . . . . . . . . . : No
   Autoconfiguration Enabled . . . . : Yes
   Link-local IPv6 Address . . . . . : fe80::28c4:6d9e:c5b3:3e3a%14(Preferred)
   IPv4 Address. . . . . . . . . . . : 172.16.19.6(Preferred)
   Subnet Mask . . . . . . . . . . . : 255.255.0.0
   Default Gateway . . . . . . . . . : 172.16.0.1
   DHCPv6 IAID . . . . . . . . . . . : 114071269
   DHCPv6 Client DUID. . . . . . . . : 00-01-00-01-2C-0D-9F-D8-CC-96-E5-17-74-AF
   DNS Servers . . . . . . . . . . . : 8.8.8.8
                                       202.56.230.7
   NetBIOS over Tcpip. . . . . . . . : Enabled

C:\Users\Admin>ping www.aitr.ac.in

Pinging aitr.ac.in [192.185.129.71] with 32 bytes of data:
Reply from 192.185.129.71: bytes=32 time=296ms TTL=51
Reply from 192.185.129.71: bytes=32 time=288ms TTL=51
Reply from 192.185.129.71: bytes=32 time=288ms TTL=51
Reply from 192.185.129.71: bytes=32 time=288ms TTL=51

Ping statistics for 192.185.129.71:
    Packets: Sent = 4, Received = 4, Lost = 0 (0% loss),
Approximate round trip times in milli-seconds:
    Minimum = 288ms, Maximum = 296ms, Average = 290ms

C:\Users\Admin>ping www.aitr.ac.in -t

Pinging aitr.ac.in [192.185.129.71] with 32 bytes of data:
Reply from 192.185.129.71: bytes=32 time=297ms TTL=51
Reply from 192.185.129.71: bytes=32 time=288ms TTL=51
Reply from 192.185.129.71: bytes=32 time=288ms TTL=51
Reply from 192.185.129.71: bytes=32 time=288ms TTL=51
Reply from 192.185.129.71: bytes=32 time=288ms TTL=51
Reply from 192.185.129.71: bytes=32 time=288ms TTL=51
Reply from 192.185.129.71: bytes=32 time=288ms TTL=51
Reply from 192.185.129.71: bytes=32 time=288ms TTL=51
Reply from 192.185.129.71: bytes=32 time=288ms TTL=51
Reply from 192.185.129.71: bytes=32 time=288ms TTL=51
Reply from 192.185.129.71: bytes=32 time=289ms TTL=51
Reply from 192.185.129.71: bytes=32 time=289ms TTL=51
Reply from 192.185.129.71: bytes=32 time=288ms TTL=51
Reply from 192.185.129.71: bytes=32 time=288ms TTL=51
Reply from 192.185.129.71: bytes=32 time=288ms TTL=51
Reply from 192.185.129.71: bytes=32 time=288ms TTL=51
Reply from 192.185.129.71: bytes=32 time=288ms TTL=51
Reply from 192.185.129.71: bytes=32 time=289ms TTL=51
Reply from 192.185.129.71: bytes=32 time=288ms TTL=51
Reply from 192.185.129.71: bytes=32 time=288ms TTL=51
Reply from 192.185.129.71: bytes=32 time=288ms TTL=51
Reply from 192.185.129.71: bytes=32 time=288ms TTL=51
Reply from 192.185.129.71: bytes=32 time=288ms TTL=51
Reply from 192.185.129.71: bytes=32 time=288ms TTL=51
Reply from 192.185.129.71: bytes=32 time=288ms TTL=51
Reply from 192.185.129.71: bytes=32 time=288ms TTL=51
Reply from 192.185.129.71: bytes=32 time=288ms TTL=51
Reply from 192.185.129.71: bytes=32 time=288ms TTL=51
Reply from 192.185.129.71: bytes=32 time=288ms TTL=51
Reply from 192.185.129.71: bytes=32 time=288ms TTL=51
Reply from 192.185.129.71: bytes=32 time=288ms TTL=51
Reply from 192.185.129.71: bytes=32 time=288ms TTL=51
Reply from 192.185.129.71: bytes=32 time=288ms TTL=51
Reply from 192.185.129.71: bytes=32 time=288ms TTL=51
Reply from 192.185.129.71: bytes=32 time=288ms TTL=51
Reply from 192.185.129.71: bytes=32 time=289ms TTL=51
Reply from 192.185.129.71: bytes=32 time=289ms TTL=51
Reply from 192.185.129.71: bytes=32 time=288ms TTL=51
Reply from 192.185.129.71: bytes=32 time=288ms TTL=51
Reply from 192.185.129.71: bytes=32 time=288ms TTL=51
Reply from 192.185.129.71: bytes=32 time=288ms TTL=51
Reply from 192.185.129.71: bytes=32 time=288ms TTL=51
Reply from 192.185.129.71: bytes=32 time=288ms TTL=51
Reply from 192.185.129.71: bytes=32 time=292ms TTL=51
Reply from 192.185.129.71: bytes=32 time=288ms TTL=51
Reply from 192.185.129.71: bytes=32 time=288ms TTL=51
Reply from 192.185.129.71: bytes=32 time=288ms TTL=51
Reply from 192.185.129.71: bytes=32 time=288ms TTL=51
Reply from 192.185.129.71: bytes=32 time=288ms TTL=51
Reply from 192.185.129.71: bytes=32 time=288ms TTL=51
Reply from 192.185.129.71: bytes=32 time=288ms TTL=51
Reply from 192.185.129.71: bytes=32 time=288ms TTL=51
Reply from 192.185.129.71: bytes=32 time=288ms TTL=51
Reply from 192.185.129.71: bytes=32 time=288ms TTL=51
Reply from 192.185.129.71: bytes=32 time=288ms TTL=51
Reply from 192.185.129.71: bytes=32 time=293ms TTL=51
Reply from 192.185.129.71: bytes=32 time=288ms TTL=51
Reply from 192.185.129.71: bytes=32 time=289ms TTL=51
Reply from 192.185.129.71: bytes=32 time=288ms TTL=51
Reply from 192.185.129.71: bytes=32 time=289ms TTL=51
Reply from 192.185.129.71: bytes=32 time=288ms TTL=51
Reply from 192.185.129.71: bytes=32 time=288ms TTL=51
Reply from 192.185.129.71: bytes=32 time=290ms TTL=51
Reply from 192.185.129.71: bytes=32 time=288ms TTL=51
Reply from 192.185.129.71: bytes=32 time=288ms TTL=51
Reply from 192.185.129.71: bytes=32 time=288ms TTL=51
Reply from 192.185.129.71: bytes=32 time=288ms TTL=51
Reply from 192.185.129.71: bytes=32 time=288ms TTL=51
Reply from 192.185.129.71: bytes=32 time=288ms TTL=51
Reply from 192.185.129.71: bytes=32 time=288ms TTL=51
Reply from 192.185.129.71: bytes=32 time=288ms TTL=51
Reply from 192.185.129.71: bytes=32 time=288ms TTL=51
Reply from 192.185.129.71: bytes=32 time=288ms TTL=51
Reply from 192.185.129.71: bytes=32 time=288ms TTL=51
Reply from 192.185.129.71: bytes=32 time=288ms TTL=51
Reply from 192.185.129.71: bytes=32 time=288ms TTL=51
Reply from 192.185.129.71: bytes=32 time=288ms TTL=51
Reply from 192.185.129.71: bytes=32 time=288ms TTL=51
Reply from 192.185.129.71: bytes=32 time=289ms TTL=51
Reply from 192.185.129.71: bytes=32 time=288ms TTL=51
Reply from 192.185.129.71: bytes=32 time=288ms TTL=51
Reply from 192.185.129.71: bytes=32 time=288ms TTL=51
Reply from 192.185.129.71: bytes=32 time=288ms TTL=51
Reply from 192.185.129.71: bytes=32 time=288ms TTL=51
Reply from 192.185.129.71: bytes=32 time=288ms TTL=51
Reply from 192.185.129.71: bytes=32 time=288ms TTL=51
Reply from 192.185.129.71: bytes=32 time=288ms TTL=51
Reply from 192.185.129.71: bytes=32 time=288ms TTL=51
Reply from 192.185.129.71: bytes=32 time=288ms TTL=51
Reply from 192.185.129.71: bytes=32 time=288ms TTL=51
Reply from 192.185.129.71: bytes=32 time=288ms TTL=51
Reply from 192.185.129.71: bytes=32 time=288ms TTL=51
Reply from 192.185.129.71: bytes=32 time=288ms TTL=51
Reply from 192.185.129.71: bytes=32 time=288ms TTL=51
Reply from 192.185.129.71: bytes=32 time=288ms TTL=51
Reply from 192.185.129.71: bytes=32 time=288ms TTL=51
Reply from 192.185.129.71: bytes=32 time=288ms TTL=51
Reply from 192.185.129.71: bytes=32 time=288ms TTL=51
Reply from 192.185.129.71: bytes=32 time=288ms TTL=51
Reply from 192.185.129.71: bytes=32 time=288ms TTL=51
Reply from 192.185.129.71: bytes=32 time=288ms TTL=51
Reply from 192.185.129.71: bytes=32 time=288ms TTL=51
Reply from 192.185.129.71: bytes=32 time=288ms TTL=51

Ping statistics for 192.185.129.71:
    Packets: Sent = 103, Received = 103, Lost = 0 (0% loss),
Approximate round trip times in milli-seconds:
    Minimum = 288ms, Maximum = 297ms, Average = 288ms
Control-C
^C
C:\Users\Admin>nslookuo google.com
'nslookuo' is not recognized as an internal or external command,
operable program or batch file.

C:\Users\Admin>nslookup google.com
Server:  dns.google
Address:  8.8.8.8

Non-authoritative answer:
Name:    google.com
Addresses:  2404:6800:4009:805::200e
          142.250.192.78


C:\Users\Admin>nslookup google.com
Server:  dns.google
Address:  8.8.8.8

Non-authoritative answer:
Name:    google.com
Addresses:  2404:6800:4009:805::200e
          142.250.70.110


C:\Users\Admin>tracert

Usage: tracert [-d] [-h maximum_hops] [-j host-list] [-w timeout]
               [-R] [-S srcaddr] [-4] [-6] target_name

Options:
    -d                 Do not resolve addresses to hostnames.
    -h maximum_hops    Maximum number of hops to search for target.
    -j host-list       Loose source route along host-list (IPv4-only).
    -w timeout         Wait timeout milliseconds for each reply.
    -R                 Trace round-trip path (IPv6-only).
    -S srcaddr         Source address to use (IPv6-only).
    -4                 Force using IPv4.
    -6                 Force using IPv6.

C:\Users\Admin>tracert google.com

Tracing route to google.com [142.250.70.110]
over a maximum of 30 hops:

  1     1 ms     1 ms     1 ms  115.245.99.237
  2     *        *        *     Request timed out.
  3    26 ms    26 ms    26 ms  172.16.24.28
  4    26 ms    25 ms    26 ms  172.16.2.46
  5    34 ms    30 ms    29 ms  74.125.51.166
  6    28 ms    28 ms    30 ms  142.251.76.31
  7    30 ms    30 ms    30 ms  192.178.86.239
  8    28 ms    28 ms    28 ms  pnbomb-ac-in-f14.1e100.net [142.250.70.110]

Trace complete.

C:\Users\Admin>tracepath google.com
'tracepath' is not recognized as an internal or external command,
operable program or batch file.

C:\Users\Admin>pathping google.com

Tracing route to google.com [142.250.70.110]
over a maximum of 30 hops:
  0  DESKTOP-C0VBH1V [172.16.19.6]
  1  115.245.99.237
  2     *        *        *
Computing statistics for 25 seconds...
            Source to Here   This Node/Link
Hop  RTT    Lost/Sent = Pct  Lost/Sent = Pct  Address
  0                                           DESKTOP-C0VBH1V [172.16.19.6]
                                0/ 100 =  0%   |
  1    1ms     0/ 100 =  0%     0/ 100 =  0%  115.245.99.237

Trace complete.

C:\Users\Admin>hostname
DESKTOP-C0VBH1V

C:\Users\Admin>
